<html>
<body>
<pre>
<h1>µVision Build Log</h1>
<h2>Tool Versions:</h2>
IDE-Version: É Vision V5.39.0.0
Copyright (C) 2023 ARM Ltd and ARM Germany GmbH. All rights reserved.
License Information: Shunsuke Yamamoto
Individual
User-based license: Keil MDK Community
Valid until: Jun 1 2033. Cached until: Mar 16 2024
 
Tool Versions:
Toolchain:       Keil MDK Community  Version: 5.39.0.0
Toolchain Path:  C:\Keil_v5\ARM\ARMCLANG\Bin
C Compiler:      ArmClang.exe V6.21
Assembler:       Armasm.exe V6.21
Linker/Locator:  ArmLink.exe V6.21
Library Manager: ArmAr.exe V6.21
Hex Converter:   FromElf.exe V6.21
CPU DLL:         SARMCM3.DLL V5.39.0.0
Dialog DLL:      DCM.DLL V1.17.5.0
Target DLL:      STLink\ST-LINKIII-KEIL_SWO.dll V3.2.0.0
Dialog DLL:      TCM.DLL V1.56.4.0
 
<h2>Project:</h2>
C:\Users\yamas\Documents\uvision\gyro\gyro.uvprojx
Project File Date:  03/10/2024

<h2>Output:</h2>
*** Using Compiler 'V6.21', folder: 'C:\Keil_v5\ARM\ARMCLANG\Bin'
Build target 'Target 1'
src/main.c(1): warning: In file included from...
C:/Users/yamas/AppData/Local/arm/packs/Keil/STM32L4xx_DFP/2.6.2/Drivers/CMSIS/Device/ST/STM32L4xx/Include\stm32l476xx.h(10): warning: invalid UTF-8 in comment [-Winvalid-utf8]
   10 |   *           - Macros to access peripheral<92>s registers hardware
      |                                            ^
src/main.c(6): warning: no previous prototype for function 'led_init' [-Wmissing-prototypes]
    6 | void led_init(void) {
      |      ^
src/main.c(6): note: declare 'static' if the function is not intended to be used outside of this translation unit
    6 | void led_init(void) {
      | ^
      | static 
src/main.c(12): warning: no previous prototype for function 'led_on' [-Wmissing-prototypes]
   12 | void led_on(void) { GPIOE->BSRR = GPIO_BSRR_BS8; }
      |      ^
src/main.c(12): note: declare 'static' if the function is not intended to be used outside of this translation unit
   12 | void led_on(void) { GPIOE->BSRR = GPIO_BSRR_BS8; }
      | ^
      | static 
src/main.c(14): warning: no previous prototype for function 'led_off' [-Wmissing-prototypes]
   14 | void led_off(void) { GPIOE->BSRR = GPIO_BSRR_BR8; }
      |      ^
src/main.c(14): note: declare 'static' if the function is not intended to be used outside of this translation unit
   14 | void led_off(void) { GPIOE->BSRR = GPIO_BSRR_BR8; }
      | ^
      | static 
src/main.c(16): warning: no previous prototype for function 'spi2_init' [-Wmissing-prototypes]
   16 | void spi2_init(void) {
      |      ^
src/main.c(16): note: declare 'static' if the function is not intended to be used outside of this translation unit
   16 | void spi2_init(void) {
      | ^
      | static 
src/main.c(35): warning: no previous prototype for function 'spi2_read8bit' [-Wmissing-prototypes]
   35 | uint8_t spi2_read8bit(uint8_t addr) {
      |         ^
src/main.c(35): note: declare 'static' if the function is not intended to be used outside of this translation unit
   35 | uint8_t spi2_read8bit(uint8_t addr) {
      | ^
      | static 
src/main.c(69): warning: no newline at end of file [-Wnewline-eof]
   69 | }
      |  ^
src/main.c(68): warning: 'return' will never be executed [-Wunreachable-code-return]
   68 |   return 0;
      |          ^
src/main.c(4): warning: no previous extern declaration for non-static variable 'rxdata' [-Wmissing-variable-declarations]
    4 | uint8_t rxdata;
      |         ^
src/main.c(4): note: declare 'static' if the variable is not intended to be used outside of this translation unit
    4 | uint8_t rxdata;
      | ^
9 warnings generated.
compiling main.c...
linking...
Program Size: Code=1044 RO-data=408 RW-data=0 ZI-data=1640  
".\Objects\gyro.axf" - 0 Error(s), 9 Warning(s).

<h2>Software Packages used:</h2>

Package Vendor: ARM
                https://www.keil.com/pack/ARM.CMSIS.6.0.0.pack
                ARM::CMSIS@6.0.0
                CMSIS (Common Microcontroller Software Interface Standard)
   * Component: CORE Version: 6.0.0

Package Vendor: Keil
                https://www.keil.com/pack/Keil.STM32L4xx_DFP.2.6.2.pack
                Keil::STM32L4xx_DFP@2.6.2
                STMicroelectronics STM32L4 Series Device Support, Drivers and Examples
   * Component: Startup Version: 1.3.1

<h2>Collection of Component include folders:</h2>
  ./RTE/_Target_1
  C:/Users/yamas/AppData/Local/arm/packs/ARM/CMSIS/6.0.0/CMSIS/Core/Include
  C:/Users/yamas/AppData/Local/arm/packs/Keil/STM32L4xx_DFP/2.6.2/Drivers/CMSIS/Device/ST/STM32L4xx/Include

<h2>Collection of Component Files used:</h2>

   * Component: ARM::CMSIS:CORE@6.0.0

   * Component: Keil::Device:Startup@1.3.1
      Source file:   MDK/Device/Source/ARM/STM32L4xx_DB_OPT.s
      Include file:  Drivers/CMSIS/Device/ST/STM32L4xx/Include/stm32l4xx.h
      Source file:   Drivers/CMSIS/Device/ST/STM32L4xx/Source/Templates/arm/startup_stm32l476xx.s
      Source file:   Drivers/CMSIS/Device/ST/STM32L4xx/Source/Templates/system_stm32l4xx.c
Build Time Elapsed:  00:00:00
</pre>
</body>
</html>
